// Jest Snapshot v1, https://goo.gl/fbAQLP

exports[`Snapshots renders App correctly 1`] = `null`;

exports[`Snapshots renders Home correctly 1`] = `
<div
  className="sc-bdfBwQ IqGYf vw-100 vh-100 primary-color d-flex align-items-center justify-content-center text-white"
>
  <div
    className="jumbotron jumbotron-fluid bg-transparent"
  >
    <div
      className="container secondary-color"
    >
      <h1
        className="display-4"
      >
        Daily meal
      </h1>
      <p
        className="lead"
      >
        A curated list of recipes for the best homemade meal and delicacies.
      </p>
      <hr
        className="my-4"
      />
      <a
        className="view-meals"
        href="/meals"
      >
        <h4>
          View meals
        </h4>
      </a>
    </div>
  </div>
</div>
`;

exports[`Snapshots renders Meals correctly 1`] = `null`;

exports[`Snapshots renders Nav correctly 1`] = `
<nav
  className="navbar navbar-light navbar-expand-md navigation-clean-button"
>
  <div
    className="container"
  >
    <a
      className="navbar-brand"
      href="/"
    >
      Daily meal
    </a>
    <button
      className="navbar-toggler"
      data-target="#navcol-1"
      data-toggle="collapse"
      type="button"
    >
      <span
        className="sr-only"
      >
        Toggle navigation
      </span>
      <span
        className="navbar-toggler-icon"
      />
    </button>
    <div
      className="collapse navbar-collapse"
      id="navcol-1"
    >
      <ul
        className="nav navbar-nav mr-auto"
      >
        <li
          className="nav-item"
        />
      </ul>
      <i
        className="fa fa-user-circle fa-2x ml-4"
        style={
          Object {
            "color": "white",
          }
        }
      />
    </div>
  </div>
</nav>
`;
